nohup: ignoring input
nohup: failed to run command './run_single.sh': No such file or directory
